Success: True
Phase: done
GPU: NVIDIA B200, 580.95.05, 183359 MiB
NVCC: nvcc: NVIDIA (R) Cuda compiler driver
Copyright (c) 2005-2025 NVIDIA Corporation
Built on Wed_Aug_20_01:58:59_PM_PDT_2025
Cuda compilation tools, release 13.0, V13.0.88
Build cuda_13.0.r13.0/compiler.36424714_0

--- compile log ---
ptxas info    : 11 bytes gmem
ptxas info    : Compiling entry function '_Z29async_utchmma_baseline_kernelILi16EEvP11BenchResulti' for 'sm_100a'
ptxas info    : Function properties for _Z29async_utchmma_baseline_kernelILi16EEvP11BenchResulti
    0 bytes stack frame, 0 bytes spill stores, 0 bytes spill loads
ptxas info    : Used 17 registers, used 1 barriers, 32 bytes smem
ptxas info    : Compile time = 8.977 ms
ptxas info    : Compiling entry function '_Z29async_utchmma_baseline_kernelILi8EEvP11BenchResulti' for 'sm_100a'
ptxas info    : Function properties for _Z29async_utchmma_baseline_kernelILi8EEvP11BenchResulti
    0 bytes stack frame, 0 bytes spill stores, 0 bytes spill loads
ptxas info    : Used 17 registers, used 1 barriers, 32 bytes smem
ptxas info    : Compile time = 8.977 ms
ptxas info    : Compiling entry function '_Z29async_utchmma_baseline_kernelILi4EEvP11BenchResulti' for 'sm_100a'
ptxas info    : Function properties for _Z29async_utchmma_baseline_kernelILi4EEvP11BenchResulti
    0 bytes stack frame, 0 bytes spill stores, 0 bytes spill loads
ptxas info    : Used 17 registers, used 1 barriers, 32 bytes smem
ptxas info    : Compile time = 7.782 ms
ptxas info    : Compiling entry function '_Z29async_utchmma_baseline_kernelILi2EEvP11BenchResulti' for 'sm_100a'
ptxas info    : Function properties for _Z29async_utchmma_baseline_kernelILi2EEvP11BenchResulti
    0 bytes stack frame, 0 bytes spill stores, 0 bytes spill loads
ptxas info    : Used 17 registers, used 1 barriers, 32 bytes smem
ptxas info    : Compile time = 7.765 ms
ptxas info    : Compiling entry function '_Z29async_utchmma_baseline_kernelILi1EEvP11BenchResulti' for 'sm_100a'
ptxas info    : Function properties for _Z29async_utchmma_baseline_kernelILi1EEvP11BenchResulti
    0 bytes stack frame, 0 bytes spill stores, 0 bytes spill loads
ptxas info    : Used 17 registers, used 1 barriers, 32 bytes smem
ptxas info    : Compile time = 8.379 ms
ptxas info    : Compiling entry function '_Z20async_utchmma_kernelILi16EEvP11BenchResulti' for 'sm_100a'
ptxas info    : Function properties for _Z20async_utchmma_kernelILi16EEvP11BenchResulti
    0 bytes stack frame, 0 bytes spill stores, 0 bytes spill loads
ptxas info    : Used 19 registers, used 1 barriers, 32 bytes smem
ptxas info    : Compile time = 23.543 ms
ptxas info    : Compiling entry function '_Z20async_utchmma_kernelILi8EEvP11BenchResulti' for 'sm_100a'
ptxas info    : Function properties for _Z20async_utchmma_kernelILi8EEvP11BenchResulti
    0 bytes stack frame, 0 bytes spill stores, 0 bytes spill loads
ptxas info    : Used 19 registers, used 1 barriers, 32 bytes smem
ptxas info    : Compile time = 16.935 ms
ptxas info    : Compiling entry function '_Z20async_utchmma_kernelILi4EEvP11BenchResulti' for 'sm_100a'
ptxas info    : Function properties for _Z20async_utchmma_kernelILi4EEvP11BenchResulti
    0 bytes stack frame, 0 bytes spill stores, 0 bytes spill loads
ptxas info    : Used 19 registers, used 1 barriers, 32 bytes smem
ptxas info    : Compile time = 14.194 ms
ptxas info    : Compiling entry function '_Z20async_utchmma_kernelILi2EEvP11BenchResulti' for 'sm_100a'
ptxas info    : Function properties for _Z20async_utchmma_kernelILi2EEvP11BenchResulti
    0 bytes stack frame, 0 bytes spill stores, 0 bytes spill loads
ptxas info    : Used 19 registers, used 1 barriers, 32 bytes smem
ptxas info    : Compile time = 10.549 ms
ptxas info    : Compiling entry function '_Z20async_utchmma_kernelILi1EEvP11BenchResulti' for 'sm_100a'
ptxas info    : Function properties for _Z20async_utchmma_kernelILi1EEvP11BenchResulti
    0 bytes stack frame, 0 bytes spill stores, 0 bytes spill loads
ptxas info    : Used 19 registers, used 1 barriers, 32 bytes smem
ptxas info    : Compile time = 8.521 ms
ptxas info    : Compiling entry function '_Z17async_sttm_kernelILi16EEvP11BenchResulti' for 'sm_100a'
ptxas info    : Function properties for _Z17async_sttm_kernelILi16EEvP11BenchResulti
    0 bytes stack frame, 0 bytes spill stores, 0 bytes spill loads
ptxas info    : Used 50 registers, used 1 barriers, 16 bytes smem
ptxas info    : Compile time = 221.212 ms
ptxas info    : Compiling entry function '_Z17async_sttm_kernelILi8EEvP11BenchResulti' for 'sm_100a'
ptxas info    : Function properties for _Z17async_sttm_kernelILi8EEvP11BenchResulti
    0 bytes stack frame, 0 bytes spill stores, 0 bytes spill loads
ptxas info    : Used 50 registers, used 1 barriers, 16 bytes smem
ptxas info    : Compile time = 90.095 ms
ptxas info    : Compiling entry function '_Z17async_sttm_kernelILi4EEvP11BenchResulti' for 'sm_100a'
ptxas info    : Function properties for _Z17async_sttm_kernelILi4EEvP11BenchResulti
    0 bytes stack frame, 0 bytes spill stores, 0 bytes spill loads
ptxas info    : Used 50 registers, used 1 barriers, 16 bytes smem
ptxas info    : Compile time = 41.745 ms
ptxas info    : Compiling entry function '_Z17async_sttm_kernelILi2EEvP11BenchResulti' for 'sm_100a'
ptxas info    : Function properties for _Z17async_sttm_kernelILi2EEvP11BenchResulti
    0 bytes stack frame, 0 bytes spill stores, 0 bytes spill loads
ptxas info    : Used 50 registers, used 1 barriers, 16 bytes smem
ptxas info    : Compile time = 22.299 ms
ptxas info    : Compiling entry function '_Z17async_sttm_kernelILi1EEvP11BenchResulti' for 'sm_100a'
ptxas info    : Function properties for _Z17async_sttm_kernelILi1EEvP11BenchResulti
    0 bytes stack frame, 0 bytes spill stores, 0 bytes spill loads
ptxas info    : Used 50 registers, used 1 barriers, 16 bytes smem
ptxas info    : Compile time = 11.095 ms
ptxas info    : Compiling entry function '_Z25async_stt_baseline_kernelILi16EEvP11BenchResulti' for 'sm_100a'
ptxas info    : Function properties for _Z25async_stt_baseline_kernelILi16EEvP11BenchResulti
    0 bytes stack frame, 0 bytes spill stores, 0 bytes spill loads
ptxas info    : Used 14 registers, used 0 barriers
ptxas info    : Compile time = 2.503 ms
ptxas info    : Compiling entry function '_Z25async_stt_baseline_kernelILi8EEvP11BenchResulti' for 'sm_100a'
ptxas info    : Function properties for _Z25async_stt_baseline_kernelILi8EEvP11BenchResulti
    0 bytes stack frame, 0 bytes spill stores, 0 bytes spill loads
ptxas info    : Used 14 registers, used 0 barriers
ptxas info    : Compile time = 2.495 ms
ptxas info    : Compiling entry function '_Z25async_stt_baseline_kernelILi4EEvP11BenchResulti' for 'sm_100a'
ptxas info    : Function properties for _Z25async_stt_baseline_kernelILi4EEvP11BenchResulti
    0 bytes stack frame, 0 bytes spill stores, 0 bytes spill loads
ptxas info    : Used 14 registers, used 0 barriers
ptxas info    : Compile time = 2.668 ms
ptxas info    : Compiling entry function '_Z25async_stt_baseline_kernelILi2EEvP11BenchResulti' for 'sm_100a'
ptxas info    : Function properties for _Z25async_stt_baseline_kernelILi2EEvP11BenchResulti
    0 bytes stack frame, 0 bytes spill stores, 0 bytes spill loads
ptxas info    : Used 14 registers, used 0 barriers
ptxas info    : Compile time = 2.904 ms
ptxas info    : Compiling entry function '_Z25async_stt_baseline_kernelILi1EEvP11BenchResulti' for 'sm_100a'
ptxas info    : Function properties for _Z25async_stt_baseline_kernelILi1EEvP11BenchResulti
    0 bytes stack frame, 0 bytes spill stores, 0 bytes spill loads
ptxas info    : Used 14 registers, used 0 barriers
ptxas info    : Compile time = 2.910 ms
ptxas info    : Compiling entry function '_Z16async_stt_kernelILi16EEvP11BenchResulti' for 'sm_100a'
ptxas info    : Function properties for _Z16async_stt_kernelILi16EEvP11BenchResulti
    0 bytes stack frame, 0 bytes spill stores, 0 bytes spill loads
ptxas info    : Used 19 registers, used 1 barriers, 16 bytes smem
ptxas info    : Compile time = 26.139 ms
ptxas info    : Compiling entry function '_Z16async_stt_kernelILi8EEvP11BenchResulti' for 'sm_100a'
ptxas info    : Function properties for _Z16async_stt_kernelILi8EEvP11BenchResulti
    0 bytes stack frame, 0 bytes spill stores, 0 bytes spill loads
ptxas info    : Used 18 registers, used 1 barriers, 16 bytes smem
ptxas info    : Compile time = 15.364 ms
ptxas info    : Compiling entry function '_Z16async_stt_kernelILi4EEvP11BenchResulti' for 'sm_100a'
ptxas info    : Function properties for _Z16async_stt_kernelILi4EEvP11BenchResulti
    0 bytes stack frame, 0 bytes spill stores, 0 bytes spill loads
ptxas info    : Used 18 registers, used 1 barriers, 16 bytes smem
ptxas info    : Compile time = 9.832 ms
ptxas info    : Compiling entry function '_Z16async_stt_kernelILi2EEvP11BenchResulti' for 'sm_100a'
ptxas info    : Function properties for _Z16async_stt_kernelILi2EEvP11BenchResulti
    0 bytes stack frame, 0 bytes spill stores, 0 bytes spill loads
ptxas info    : Used 18 registers, used 1 barriers, 16 bytes smem
ptxas info    : Compile time = 8.413 ms
ptxas info    : Compiling entry function '_Z16async_stt_kernelILi1EEvP11BenchResulti' for 'sm_100a'
ptxas info    : Function properties for _Z16async_stt_kernelILi1EEvP11BenchResulti
    0 bytes stack frame, 0 bytes spill stores, 0 bytes spill loads
ptxas info    : Used 16 registers, used 1 barriers, 16 bytes smem
ptxas info    : Compile time = 6.876 ms
ptxas info    : Compiling entry function '_Z17async_ldtm_kernelILi16EEvP11BenchResulti' for 'sm_100a'
ptxas info    : Function properties for _Z17async_ldtm_kernelILi16EEvP11BenchResulti
    0 bytes stack frame, 0 bytes spill stores, 0 bytes spill loads
ptxas info    : Used 38 registers, used 1 barriers, 16 bytes smem
ptxas info    : Compile time = 23.916 ms
ptxas info    : Compiling entry function '_Z17async_ldtm_kernelILi8EEvP11BenchResulti' for 'sm_100a'
ptxas info    : Function properties for _Z17async_ldtm_kernelILi8EEvP11BenchResulti
    0 bytes stack frame, 0 bytes spill stores, 0 bytes spill loads
ptxas info    : Used 38 registers, used 1 barriers, 16 bytes smem
ptxas info    : Compile time = 14.869 ms
ptxas info    : Compiling entry function '_Z17async_ldtm_kernelILi4EEvP11BenchResulti' for 'sm_100a'
ptxas info    : Function properties for _Z17async_ldtm_kernelILi4EEvP11BenchResulti
    0 bytes stack frame, 0 bytes spill stores, 0 bytes spill loads
ptxas info    : Used 32 registers, used 1 barriers, 16 bytes smem
ptxas info    : Compile time = 10.661 ms
ptxas info    : Compiling entry function '_Z17async_ldtm_kernelILi2EEvP11BenchResulti' for 'sm_100a'
ptxas info    : Function properties for _Z17async_ldtm_kernelILi2EEvP11BenchResulti
    0 bytes stack frame, 0 bytes spill stores, 0 bytes spill loads
ptxas info    : Used 24 registers, used 1 barriers, 16 bytes smem
ptxas info    : Compile time = 8.152 ms
ptxas info    : Compiling entry function '_Z17async_ldtm_kernelILi1EEvP11BenchResulti' for 'sm_100a'
ptxas info    : Function properties for _Z17async_ldtm_kernelILi1EEvP11BenchResulti
    0 bytes stack frame, 0 bytes spill stores, 0 bytes spill loads
ptxas info    : Used 16 registers, used 1 barriers, 16 bytes smem
ptxas info    : Compile time = 6.859 ms
ptxas info    : Compiling entry function '_Z25async_ldt_baseline_kernelILi16EEvP11BenchResulti' for 'sm_100a'
ptxas info    : Function properties for _Z25async_ldt_baseline_kernelILi16EEvP11BenchResulti
    0 bytes stack frame, 0 bytes spill stores, 0 bytes spill loads
ptxas info    : Used 14 registers, used 0 barriers
ptxas info    : Compile time = 2.514 ms
ptxas info    : Compiling entry function '_Z25async_ldt_baseline_kernelILi8EEvP11BenchResulti' for 'sm_100a'
ptxas info    : Function properties for _Z25async_ldt_baseline_kernelILi8EEvP11BenchResulti
    0 bytes stack frame, 0 bytes spill stores, 0 bytes spill loads
ptxas info    : Used 14 registers, used 0 barriers
ptxas info    : Compile time = 2.484 ms
ptxas info    : Compiling entry function '_Z25async_ldt_baseline_kernelILi4EEvP11BenchResulti' for 'sm_100a'
ptxas info    : Function properties for _Z25async_ldt_baseline_kernelILi4EEvP11BenchResulti
    0 bytes stack frame, 0 bytes spill stores, 0 bytes spill loads
ptxas info    : Used 14 registers, used 0 barriers
ptxas info    : Compile time = 2.489 ms
ptxas info    : Compiling entry function '_Z25async_ldt_baseline_kernelILi2EEvP11BenchResulti' for 'sm_100a'
ptxas info    : Function properties for _Z25async_ldt_baseline_kernelILi2EEvP11BenchResulti
    0 bytes stack frame, 0 bytes spill stores, 0 bytes spill loads
ptxas info    : Used 14 registers, used 0 barriers
ptxas info    : Compile time = 2.477 ms
ptxas info    : Compiling entry function '_Z25async_ldt_baseline_kernelILi1EEvP11BenchResulti' for 'sm_100a'
ptxas info    : Function properties for _Z25async_ldt_baseline_kernelILi1EEvP11BenchResulti
    0 bytes stack frame, 0 bytes spill stores, 0 bytes spill loads
ptxas info    : Used 14 registers, used 0 barriers
ptxas info    : Compile time = 2.521 ms
ptxas info    : Compiling entry function '_Z16async_ldt_kernelILi16EEvP11BenchResulti' for 'sm_100a'
ptxas info    : Function properties for _Z16async_ldt_kernelILi16EEvP11BenchResulti
    0 bytes stack frame, 0 bytes spill stores, 0 bytes spill loads
ptxas info    : Used 15 registers, used 1 barriers, 16 bytes smem
ptxas info    : Compile time = 19.020 ms
ptxas info    : Compiling entry function '_Z16async_ldt_kernelILi8EEvP11BenchResulti' for 'sm_100a'
ptxas info    : Function properties for _Z16async_ldt_kernelILi8EEvP11BenchResulti
    0 bytes stack frame, 0 bytes spill stores, 0 bytes spill loads
ptxas info    : Used 15 registers, used 1 barriers, 16 bytes smem
ptxas info    : Compile time = 11.817 ms
ptxas info    : Compiling entry function '_Z16async_ldt_kernelILi4EEvP11BenchResulti' for 'sm_100a'
ptxas info    : Function properties for _Z16async_ldt_kernelILi4EEvP11BenchResulti
    0 bytes stack frame, 0 bytes spill stores, 0 bytes spill loads
ptxas info    : Used 15 registers, used 1 barriers, 16 bytes smem
ptxas info    : Compile time = 8.949 ms
ptxas info    : Compiling entry function '_Z16async_ldt_kernelILi2EEvP11BenchResulti' for 'sm_100a'
ptxas info    : Function properties for _Z16async_ldt_kernelILi2EEvP11BenchResulti
    0 bytes stack frame, 0 bytes spill stores, 0 bytes spill loads
ptxas info    : Used 15 registers, used 1 barriers, 16 bytes smem
ptxas info    : Compile time = 8.051 ms
ptxas info    : Compiling entry function '_Z16async_ldt_kernelILi1EEvP11BenchResulti' for 'sm_100a'
ptxas info    : Function properties for _Z16async_ldt_kernelILi1EEvP11BenchResulti
    0 bytes stack frame, 0 bytes spill stores, 0 bytes spill loads
ptxas info    : Used 16 registers, used 1 barriers, 16 bytes smem
ptxas info    : Compile time = 6.567 ms
ptxas info    : Compiling entry function '_Z27async_utccp_baseline_kernelILi16EEvP11BenchResulti' for 'sm_100a'
ptxas info    : Function properties for _Z27async_utccp_baseline_kernelILi16EEvP11BenchResulti
    0 bytes stack frame, 0 bytes spill stores, 0 bytes spill loads
ptxas info    : Used 17 registers, used 1 barriers, 32 bytes smem
ptxas info    : Compile time = 7.340 ms
ptxas info    : Compiling entry function '_Z27async_utccp_baseline_kernelILi8EEvP11BenchResulti' for 'sm_100a'
ptxas info    : Function properties for _Z27async_utccp_baseline_kernelILi8EEvP11BenchResulti
    0 bytes stack frame, 0 bytes spill stores, 0 bytes spill loads
ptxas info    : Used 17 registers, used 1 barriers, 32 bytes smem
ptxas info    : Compile time = 7.319 ms
ptxas info    : Compiling entry function '_Z27async_utccp_baseline_kernelILi4EEvP11BenchResulti' for 'sm_100a'
ptxas info    : Function properties for _Z27async_utccp_baseline_kernelILi4EEvP11BenchResulti
    0 bytes stack frame, 0 bytes spill stores, 0 bytes spill loads
ptxas info    : Used 17 registers, used 1 barriers, 32 bytes smem
ptxas info    : Compile time = 7.662 ms
ptxas info    : Compiling entry function '_Z27async_utccp_baseline_kernelILi2EEvP11BenchResulti' for 'sm_100a'
ptxas info    : Function properties for _Z27async_utccp_baseline_kernelILi2EEvP11BenchResulti
    0 bytes stack frame, 0 bytes spill stores, 0 bytes spill loads
ptxas info    : Used 17 registers, used 1 barriers, 32 bytes smem
ptxas info    : Compile time = 9.149 ms
ptxas info    : Compiling entry function '_Z27async_utccp_baseline_kernelILi1EEvP11BenchResulti' for 'sm_100a'
ptxas info    : Function properties for _Z27async_utccp_baseline_kernelILi1EEvP11BenchResulti
    0 bytes stack frame, 0 bytes spill stores, 0 bytes spill loads
ptxas info    : Used 17 registers, used 1 barriers, 32 bytes smem
ptxas info    : Compile time = 9.661 ms
ptxas info    : Compiling entry function '_Z18async_utccp_kernelILi16EEvP11BenchResulti' for 'sm_100a'
ptxas info    : Function properties for _Z18async_utccp_kernelILi16EEvP11BenchResulti
    0 bytes stack frame, 0 bytes spill stores, 0 bytes spill loads
ptxas info    : Used 48 registers, used 1 barriers, 32 bytes smem
ptxas info    : Compile time = 70.301 ms
ptxas info    : Compiling entry function '_Z18async_utccp_kernelILi8EEvP11BenchResulti' for 'sm_100a'
ptxas info    : Function properties for _Z18async_utccp_kernelILi8EEvP11BenchResulti
    0 bytes stack frame, 0 bytes spill stores, 0 bytes spill loads
ptxas info    : Used 33 registers, used 1 barriers, 32 bytes smem
ptxas info    : Compile time = 40.847 ms
ptxas info    : Compiling entry function '_Z18async_utccp_kernelILi4EEvP11BenchResulti' for 'sm_100a'
ptxas info    : Function properties for _Z18async_utccp_kernelILi4EEvP11BenchResulti
    0 bytes stack frame, 0 bytes spill stores, 0 bytes spill loads
ptxas info    : Used 25 registers, used 1 barriers, 32 bytes smem
ptxas info    : Compile time = 31.189 ms
ptxas info    : Compiling entry function '_Z18async_utccp_kernelILi2EEvP11BenchResulti' for 'sm_100a'
ptxas info    : Function properties for _Z18async_utccp_kernelILi2EEvP11BenchResulti
    0 bytes stack frame, 0 bytes spill stores, 0 bytes spill loads
ptxas info    : Used 22 registers, used 1 barriers, 32 bytes smem
ptxas info    : Compile time = 21.638 ms
ptxas info    : Compiling entry function '_Z18async_utccp_kernelILi1EEvP11BenchResulti' for 'sm_100a'
ptxas info    : Function properties for _Z18async_utccp_kernelILi1EEvP11BenchResulti
    0 bytes stack frame, 0 bytes spill stores, 0 bytes spill loads
ptxas info    : Used 17 registers, used 1 barriers, 32 bytes smem
ptxas info    : Compile time = 7.992 ms
ptxas info    : Compiling entry function '_Z25async_bar_baseline_kernelILi16EEvP11BenchResulti' for 'sm_100a'
ptxas info    : Function properties for _Z25async_bar_baseline_kernelILi16EEvP11BenchResulti
    0 bytes stack frame, 0 bytes spill stores, 0 bytes spill loads
ptxas info    : Used 16 registers, used 1 barriers
ptxas info    : Compile time = 1.323 ms
ptxas info    : Compiling entry function '_Z25async_bar_baseline_kernelILi8EEvP11BenchResulti' for 'sm_100a'
ptxas info    : Function properties for _Z25async_bar_baseline_kernelILi8EEvP11BenchResulti
    0 bytes stack frame, 0 bytes spill stores, 0 bytes spill loads
ptxas info    : Used 16 registers, used 1 barriers
ptxas info    : Compile time = 1.316 ms
ptxas info    : Compiling entry function '_Z25async_bar_baseline_kernelILi4EEvP11BenchResulti' for 'sm_100a'
ptxas info    : Function properties for _Z25async_bar_baseline_kernelILi4EEvP11BenchResulti
    0 bytes stack frame, 0 bytes spill stores, 0 bytes spill loads
ptxas info    : Used 16 registers, used 1 barriers
ptxas info    : Compile time = 1.535 ms
ptxas info    : Compiling entry function '_Z25async_bar_baseline_kernelILi2EEvP11BenchResulti' for 'sm_100a'
ptxas info    : Function properties for _Z25async_bar_baseline_kernelILi2EEvP11BenchResulti
    0 bytes stack frame, 0 bytes spill stores, 0 bytes spill loads
ptxas info    : Used 16 registers, used 1 barriers
ptxas info    : Compile time = 1.539 ms
ptxas info    : Compiling entry function '_Z25async_bar_baseline_kernelILi1EEvP11BenchResulti' for 'sm_100a'
ptxas info    : Function properties for _Z25async_bar_baseline_kernelILi1EEvP11BenchResulti
    0 bytes stack frame, 0 bytes spill stores, 0 bytes spill loads
ptxas info    : Used 16 registers, used 1 barriers
ptxas info    : Compile time = 1.526 ms
ptxas info    : Compiling entry function '_Z16async_bar_kernelILi16EEvP11BenchResulti' for 'sm_100a'
ptxas info    : Function properties for _Z16async_bar_kernelILi16EEvP11BenchResulti
    0 bytes stack frame, 0 bytes spill stores, 0 bytes spill loads
ptxas info    : Used 14 registers, used 1 barriers
ptxas info    : Compile time = 3.732 ms
ptxas info    : Compiling entry function '_Z16async_bar_kernelILi8EEvP11BenchResulti' for 'sm_100a'
ptxas info    : Function properties for _Z16async_bar_kernelILi8EEvP11BenchResulti
    0 bytes stack frame, 0 bytes spill stores, 0 bytes spill loads
ptxas info    : Used 14 registers, used 1 barriers
ptxas info    : Compile time = 2.928 ms
ptxas info    : Compiling entry function '_Z16async_bar_kernelILi4EEvP11BenchResulti' for 'sm_100a'
ptxas info    : Function properties for _Z16async_bar_kernelILi4EEvP11BenchResulti
    0 bytes stack frame, 0 bytes spill stores, 0 bytes spill loads
ptxas info    : Used 14 registers, used 1 barriers
ptxas info    : Compile time = 4.367 ms
ptxas info    : Compiling entry function '_Z16async_bar_kernelILi2EEvP11BenchResulti' for 'sm_100a'
ptxas info    : Function properties for _Z16async_bar_kernelILi2EEvP11BenchResulti
    0 bytes stack frame, 0 bytes spill stores, 0 bytes spill loads
ptxas info    : Used 14 registers, used 1 barriers
ptxas info    : Compile time = 3.494 ms
ptxas info    : Compiling entry function '_Z16async_bar_kernelILi1EEvP11BenchResulti' for 'sm_100a'
ptxas info    : Function properties for _Z16async_bar_kernelILi1EEvP11BenchResulti
    0 bytes stack frame, 0 bytes spill stores, 0 bytes spill loads
ptxas info    : Used 14 registers, used 1 barriers
ptxas info    : Compile time = 3.125 ms
ptxas info    : Compiling entry function '_Z26async_mbar_baseline_kernelILi16EEvP11BenchResulti' for 'sm_100a'
ptxas info    : Function properties for _Z26async_mbar_baseline_kernelILi16EEvP11BenchResulti
    0 bytes stack frame, 0 bytes spill stores, 0 bytes spill loads
ptxas info    : Used 14 registers, used 0 barriers, 16 bytes smem
ptxas info    : Compile time = 3.149 ms
ptxas info    : Compiling entry function '_Z26async_mbar_baseline_kernelILi8EEvP11BenchResulti' for 'sm_100a'
ptxas info    : Function properties for _Z26async_mbar_baseline_kernelILi8EEvP11BenchResulti
    0 bytes stack frame, 0 bytes spill stores, 0 bytes spill loads
ptxas info    : Used 14 registers, used 0 barriers, 16 bytes smem
ptxas info    : Compile time = 2.696 ms
ptxas info    : Compiling entry function '_Z26async_mbar_baseline_kernelILi4EEvP11BenchResulti' for 'sm_100a'
ptxas info    : Function properties for _Z26async_mbar_baseline_kernelILi4EEvP11BenchResulti
    0 bytes stack frame, 0 bytes spill stores, 0 bytes spill loads
ptxas info    : Used 14 registers, used 0 barriers, 16 bytes smem
ptxas info    : Compile time = 2.718 ms
ptxas info    : Compiling entry function '_Z26async_mbar_baseline_kernelILi2EEvP11BenchResulti' for 'sm_100a'
ptxas info    : Function properties for _Z26async_mbar_baseline_kernelILi2EEvP11BenchResulti
    0 bytes stack frame, 0 bytes spill stores, 0 bytes spill loads
ptxas info    : Used 14 registers, used 0 barriers, 16 bytes smem
ptxas info    : Compile time = 2.711 ms
ptxas info    : Compiling entry function '_Z26async_mbar_baseline_kernelILi1EEvP11BenchResulti' for 'sm_100a'
ptxas info    : Function properties for _Z26async_mbar_baseline_kernelILi1EEvP11BenchResulti
    0 bytes stack frame, 0 bytes spill stores, 0 bytes spill loads
ptxas info    : Used 14 registers, used 0 barriers, 16 bytes smem
ptxas info    : Compile time = 3.644 ms
ptxas info    : Compiling entry function '_Z17async_mbar_kernelILi16EEvP11BenchResulti' for 'sm_100a'
ptxas info    : Function properties for _Z17async_mbar_kernelILi16EEvP11BenchResulti
    0 bytes stack frame, 0 bytes spill stores, 0 bytes spill loads
ptxas info    : Used 14 registers, used 0 barriers, 16 bytes smem
ptxas info    : Compile time = 4.460 ms
ptxas info    : Compiling entry function '_Z17async_mbar_kernelILi8EEvP11BenchResulti' for 'sm_100a'
ptxas info    : Function properties for _Z17async_mbar_kernelILi8EEvP11BenchResulti
    0 bytes stack frame, 0 bytes spill stores, 0 bytes spill loads
ptxas info    : Used 14 registers, used 0 barriers, 16 bytes smem
ptxas info    : Compile time = 3.419 ms
ptxas info    : Compiling entry function '_Z17async_mbar_kernelILi4EEvP11BenchResulti' for 'sm_100a'
ptxas info    : Function properties for _Z17async_mbar_kernelILi4EEvP11BenchResulti
    0 bytes stack frame, 0 bytes spill stores, 0 bytes spill loads
ptxas info    : Used 14 registers, used 0 barriers, 16 bytes smem
ptxas info    : Compile time = 2.674 ms
ptxas info    : Compiling entry function '_Z17async_mbar_kernelILi2EEvP11BenchResulti' for 'sm_100a'
ptxas info    : Function properties for _Z17async_mbar_kernelILi2EEvP11BenchResulti
    0 bytes stack frame, 0 bytes spill stores, 0 bytes spill loads
ptxas info    : Used 14 registers, used 0 barriers, 16 bytes smem
ptxas info    : Compile time = 3.692 ms
ptxas info    : Compiling entry function '_Z17async_mbar_kernelILi1EEvP11BenchResulti' for 'sm_100a'
ptxas info    : Function properties for _Z17async_mbar_kernelILi1EEvP11BenchResulti
    0 bytes stack frame, 0 bytes spill stores, 0 bytes spill loads
ptxas info    : Used 14 registers, used 0 barriers, 16 bytes smem
ptxas info    : Compile time = 3.109 ms
ptxas info    : Compiling entry function '_Z26async_cctl_prefetch_kernelILi16EEvP11BenchResultiPKc' for 'sm_100a'
ptxas info    : Function properties for _Z26async_cctl_prefetch_kernelILi16EEvP11BenchResultiPKc
    0 bytes stack frame, 0 bytes spill stores, 0 bytes spill loads
ptxas info    : Used 16 registers, used 0 barriers
ptxas info    : Compile time = 3.336 ms
ptxas info    : Compiling entry function '_Z26async_cctl_prefetch_kernelILi8EEvP11BenchResultiPKc' for 'sm_100a'
ptxas info    : Function properties for _Z26async_cctl_prefetch_kernelILi8EEvP11BenchResultiPKc
    0 bytes stack frame, 0 bytes spill stores, 0 bytes spill loads
ptxas info    : Used 16 registers, used 0 barriers
ptxas info    : Compile time = 2.643 ms
ptxas info    : Compiling entry function '_Z26async_cctl_prefetch_kernelILi4EEvP11BenchResultiPKc' for 'sm_100a'
ptxas info    : Function properties for _Z26async_cctl_prefetch_kernelILi4EEvP11BenchResultiPKc
    0 bytes stack frame, 0 bytes spill stores, 0 bytes spill loads
ptxas info    : Used 16 registers, used 0 barriers
ptxas info    : Compile time = 2.658 ms
ptxas info    : Compiling entry function '_Z26async_cctl_prefetch_kernelILi2EEvP11BenchResultiPKc' for 'sm_100a'
ptxas info    : Function properties for _Z26async_cctl_prefetch_kernelILi2EEvP11BenchResultiPKc
    0 bytes stack frame, 0 bytes spill stores, 0 bytes spill loads
ptxas info    : Used 16 registers, used 0 barriers
ptxas info    : Compile time = 3.417 ms
ptxas info    : Compiling entry function '_Z26async_cctl_prefetch_kernelILi1EEvP11BenchResultiPKc' for 'sm_100a'
ptxas info    : Function properties for _Z26async_cctl_prefetch_kernelILi1EEvP11BenchResultiPKc
    0 bytes stack frame, 0 bytes spill stores, 0 bytes spill loads
ptxas info    : Used 14 registers, used 0 barriers
ptxas info    : Compile time = 2.580 ms
ptxas info    : Compiling entry function '_Z28async_ldgsts_baseline_kernelILi16EEvP11BenchResulti' for 'sm_100a'
ptxas info    : Function properties for _Z28async_ldgsts_baseline_kernelILi16EEvP11BenchResulti
    0 bytes stack frame, 0 bytes spill stores, 0 bytes spill loads
ptxas info    : Used 14 registers, used 0 barriers
ptxas info    : Compile time = 2.576 ms
ptxas info    : Compiling entry function '_Z28async_ldgsts_baseline_kernelILi8EEvP11BenchResulti' for 'sm_100a'
ptxas info    : Function properties for _Z28async_ldgsts_baseline_kernelILi8EEvP11BenchResulti
    0 bytes stack frame, 0 bytes spill stores, 0 bytes spill loads
ptxas info    : Used 14 registers, used 0 barriers
ptxas info    : Compile time = 2.568 ms
ptxas info    : Compiling entry function '_Z28async_ldgsts_baseline_kernelILi4EEvP11BenchResulti' for 'sm_100a'
ptxas info    : Function properties for _Z28async_ldgsts_baseline_kernelILi4EEvP11BenchResulti
    0 bytes stack frame, 0 bytes spill stores, 0 bytes spill loads
ptxas info    : Used 14 registers, used 0 barriers
ptxas info    : Compile time = 2.952 ms
ptxas info    : Compiling entry function '_Z28async_ldgsts_baseline_kernelILi2EEvP11BenchResulti' for 'sm_100a'
ptxas info    : Function properties for _Z28async_ldgsts_baseline_kernelILi2EEvP11BenchResulti
    0 bytes stack frame, 0 bytes spill stores, 0 bytes spill loads
ptxas info    : Used 14 registers, used 0 barriers
ptxas info    : Compile time = 3.002 ms
ptxas info    : Compiling entry function '_Z28async_ldgsts_baseline_kernelILi1EEvP11BenchResulti' for 'sm_100a'
ptxas info    : Function properties for _Z28async_ldgsts_baseline_kernelILi1EEvP11BenchResulti
    0 bytes stack frame, 0 bytes spill stores, 0 bytes spill loads
ptxas info    : Used 14 registers, used 0 barriers
ptxas info    : Compile time = 3.016 ms
ptxas info    : Compiling entry function '_Z19async_ldgsts_kernelILi16EEvP11BenchResultiPKc' for 'sm_100a'
ptxas info    : Function properties for _Z19async_ldgsts_kernelILi16EEvP11BenchResultiPKc
    0 bytes stack frame, 0 bytes spill stores, 0 bytes spill loads
ptxas info    : Used 18 registers, used 0 barriers
ptxas info    : Compile time = 4.515 ms
ptxas info    : Compiling entry function '_Z19async_ldgsts_kernelILi8EEvP11BenchResultiPKc' for 'sm_100a'
ptxas info    : Function properties for _Z19async_ldgsts_kernelILi8EEvP11BenchResultiPKc
    0 bytes stack frame, 0 bytes spill stores, 0 bytes spill loads
ptxas info    : Used 18 registers, used 0 barriers
ptxas info    : Compile time = 3.493 ms
ptxas info    : Compiling entry function '_Z19async_ldgsts_kernelILi4EEvP11BenchResultiPKc' for 'sm_100a'
ptxas info    : Function properties for _Z19async_ldgsts_kernelILi4EEvP11BenchResultiPKc
    0 bytes stack frame, 0 bytes spill stores, 0 bytes spill loads
ptxas info    : Used 18 registers, used 0 barriers
ptxas info    : Compile time = 3.419 ms
ptxas info    : Compiling entry function '_Z19async_ldgsts_kernelILi2EEvP11BenchResultiPKc' for 'sm_100a'
ptxas info    : Function properties for _Z19async_ldgsts_kernelILi2EEvP11BenchResultiPKc
    0 bytes stack frame, 0 bytes spill stores, 0 bytes spill loads
ptxas info    : Used 18 registers, used 0 barriers
ptxas info    : Compile time = 3.069 ms
ptxas info    : Compiling entry function '_Z19async_ldgsts_kernelILi1EEvP11BenchResultiPKc' for 'sm_100a'
ptxas info    : Function properties for _Z19async_ldgsts_kernelILi1EEvP11BenchResultiPKc
    0 bytes stack frame, 0 bytes spill stores, 0 bytes spill loads
ptxas info    : Used 16 registers, used 0 barriers
ptxas info    : Compile time = 4.028 ms
ptxas info    : Compiling entry function '_Z16async_stl_kernelILi16EEvP11BenchResulti' for 'sm_100a'
ptxas info    : Function properties for _Z16async_stl_kernelILi16EEvP11BenchResulti
    1024 bytes stack frame, 0 bytes spill stores, 0 bytes spill loads
ptxas info    : Used 23 registers, used 0 barriers, 1024 bytes cumulative stack size
ptxas info    : Compile time = 6.950 ms
ptxas info    : Compiling entry function '_Z16async_stl_kernelILi8EEvP11BenchResulti' for 'sm_100a'
ptxas info    : Function properties for _Z16async_stl_kernelILi8EEvP11BenchResulti
    1024 bytes stack frame, 0 bytes spill stores, 0 bytes spill loads
ptxas info    : Used 28 registers, used 0 barriers, 1024 bytes cumulative stack size
ptxas info    : Compile time = 3.882 ms
ptxas info    : Compiling entry function '_Z16async_stl_kernelILi4EEvP11BenchResulti' for 'sm_100a'
ptxas info    : Function properties for _Z16async_stl_kernelILi4EEvP11BenchResulti
    1024 bytes stack frame, 0 bytes spill stores, 0 bytes spill loads
ptxas info    : Used 18 registers, used 0 barriers, 1024 bytes cumulative stack size
ptxas info    : Compile time = 3.087 ms
ptxas info    : Compiling entry function '_Z16async_stl_kernelILi2EEvP11BenchResulti' for 'sm_100a'
ptxas info    : Function properties for _Z16async_stl_kernelILi2EEvP11BenchResulti
    1024 bytes stack frame, 0 bytes spill stores, 0 bytes spill loads
ptxas info    : Used 18 registers, used 0 barriers, 1024 bytes cumulative stack size
ptxas info    : Compile time = 2.705 ms
ptxas info    : Compiling entry function '_Z16async_stl_kernelILi1EEvP11BenchResulti' for 'sm_100a'
ptxas info    : Function properties for _Z16async_stl_kernelILi1EEvP11BenchResulti
    1024 bytes stack frame, 0 bytes spill stores, 0 bytes spill loads
ptxas info    : Used 18 registers, used 0 barriers, 1024 bytes cumulative stack size
ptxas info    : Compile time = 2.303 ms
ptxas info    : Compiling entry function '_Z16async_ldl_kernelILi16EEvP11BenchResulti' for 'sm_100a'
ptxas info    : Function properties for _Z16async_ldl_kernelILi16EEvP11BenchResulti
    1024 bytes stack frame, 0 bytes spill stores, 0 bytes spill loads
ptxas info    : Used 26 registers, used 0 barriers, 1024 bytes cumulative stack size
ptxas info    : Compile time = 14.964 ms
ptxas info    : Compiling entry function '_Z16async_ldl_kernelILi8EEvP11BenchResulti' for 'sm_100a'
ptxas info    : Function properties for _Z16async_ldl_kernelILi8EEvP11BenchResulti
    1024 bytes stack frame, 0 bytes spill stores, 0 bytes spill loads
ptxas info    : Used 26 registers, used 0 barriers, 1024 bytes cumulative stack size
ptxas info    : Compile time = 12.869 ms
ptxas info    : Compiling entry function '_Z16async_ldl_kernelILi4EEvP11BenchResulti' for 'sm_100a'
ptxas info    : Function properties for _Z16async_ldl_kernelILi4EEvP11BenchResulti
    1024 bytes stack frame, 0 bytes spill stores, 0 bytes spill loads
ptxas info    : Used 26 registers, used 0 barriers, 1024 bytes cumulative stack size
ptxas info    : Compile time = 13.419 ms
ptxas info    : Compiling entry function '_Z16async_ldl_kernelILi2EEvP11BenchResulti' for 'sm_100a'
ptxas info    : Function properties for _Z16async_ldl_kernelILi2EEvP11BenchResulti
    1024 bytes stack frame, 0 bytes spill stores, 0 bytes spill loads
ptxas info    : Used 26 registers, used 0 barriers, 1024 bytes cumulative stack size
ptxas info    : Compile time = 12.998 ms
ptxas info    : Compiling entry function '_Z16async_ldl_kernelILi1EEvP11BenchResulti' for 'sm_100a'
ptxas info    : Function properties for _Z16async_ldl_kernelILi1EEvP11BenchResulti
    1024 bytes stack frame, 0 bytes spill stores, 0 bytes spill loads
ptxas info    : Used 26 registers, used 0 barriers, 1024 bytes cumulative stack size
ptxas info    : Compile time = 12.141 ms
ptxas info    : Compiling entry function '_Z16async_stg_kernelILi16EEvP11BenchResultiPm' for 'sm_100a'
ptxas info    : Function properties for _Z16async_stg_kernelILi16EEvP11BenchResultiPm
    0 bytes stack frame, 0 bytes spill stores, 0 bytes spill loads
ptxas info    : Used 22 registers, used 0 barriers
ptxas info    : Compile time = 5.568 ms
ptxas info    : Compiling entry function '_Z16async_stg_kernelILi8EEvP11BenchResultiPm' for 'sm_100a'
ptxas info    : Function properties for _Z16async_stg_kernelILi8EEvP11BenchResultiPm
    0 bytes stack frame, 0 bytes spill stores, 0 bytes spill loads
ptxas info    : Used 22 registers, used 0 barriers
ptxas info    : Compile time = 4.008 ms
ptxas info    : Compiling entry function '_Z16async_stg_kernelILi4EEvP11BenchResultiPm' for 'sm_100a'
ptxas info    : Function properties for _Z16async_stg_kernelILi4EEvP11BenchResultiPm
    0 bytes stack frame, 0 bytes spill stores, 0 bytes spill loads
ptxas info    : Used 22 registers, used 0 barriers
ptxas info    : Compile time = 3.242 ms
ptxas info    : Compiling entry function '_Z16async_stg_kernelILi2EEvP11BenchResultiPm' for 'sm_100a'
ptxas info    : Function properties for _Z16async_stg_kernelILi2EEvP11BenchResultiPm
    0 bytes stack frame, 0 bytes spill stores, 0 bytes spill loads
ptxas info    : Used 22 registers, used 0 barriers
ptxas info    : Compile time = 4.895 ms
ptxas info    : Compiling entry function '_Z16async_stg_kernelILi1EEvP11BenchResultiPm' for 'sm_100a'
ptxas info    : Function properties for _Z16async_stg_kernelILi1EEvP11BenchResultiPm
    0 bytes stack frame, 0 bytes spill stores, 0 bytes spill loads
ptxas info    : Used 18 registers, used 0 barriers
ptxas info    : Compile time = 3.393 ms
ptxas info    : Compiling entry function '_Z16async_ldg_kernelILi16EEvP11BenchResultiPKm' for 'sm_100a'
ptxas info    : Function properties for _Z16async_ldg_kernelILi16EEvP11BenchResultiPKm
    0 bytes stack frame, 0 bytes spill stores, 0 bytes spill loads
ptxas info    : Used 18 registers, used 0 barriers
ptxas info    : Compile time = 6.431 ms
ptxas info    : Compiling entry function '_Z16async_ldg_kernelILi8EEvP11BenchResultiPKm' for 'sm_100a'
ptxas info    : Function properties for _Z16async_ldg_kernelILi8EEvP11BenchResultiPKm
    0 bytes stack frame, 0 bytes spill stores, 0 bytes spill loads
ptxas info    : Used 18 registers, used 0 barriers
ptxas info    : Compile time = 4.026 ms
ptxas info    : Compiling entry function '_Z16async_ldg_kernelILi4EEvP11BenchResultiPKm' for 'sm_100a'
ptxas info    : Function properties for _Z16async_ldg_kernelILi4EEvP11BenchResultiPKm
    0 bytes stack frame, 0 bytes spill stores, 0 bytes spill loads
ptxas info    : Used 18 registers, used 0 barriers
ptxas info    : Compile time = 3.700 ms
ptxas info    : Compiling entry function '_Z16async_ldg_kernelILi2EEvP11BenchResultiPKm' for 'sm_100a'
ptxas info    : Function properties for _Z16async_ldg_kernelILi2EEvP11BenchResultiPKm
    0 bytes stack frame, 0 bytes spill stores, 0 bytes spill loads
ptxas info    : Used 18 registers, used 0 barriers
ptxas info    : Compile time = 3.345 ms
ptxas info    : Compiling entry function '_Z16async_ldg_kernelILi1EEvP11BenchResultiPKm' for 'sm_100a'
ptxas info    : Function properties for _Z16async_ldg_kernelILi1EEvP11BenchResultiPKm
    0 bytes stack frame, 0 bytes spill stores, 0 bytes spill loads
ptxas info    : Used 18 registers, used 0 barriers
ptxas info    : Compile time = 2.792 ms
ptxas info    : Compiling entry function '_Z26async_bulk_prefetch_kernelILi16EEvP11BenchResultiPKci' for 'sm_100a'
ptxas info    : Function properties for _Z26async_bulk_prefetch_kernelILi16EEvP11BenchResultiPKci
    0 bytes stack frame, 0 bytes spill stores, 0 bytes spill loads
ptxas info    : Used 16 registers, used 0 barriers
ptxas info    : Compile time = 5.812 ms
ptxas info    : Compiling entry function '_Z26async_bulk_prefetch_kernelILi8EEvP11BenchResultiPKci' for 'sm_100a'
ptxas info    : Function properties for _Z26async_bulk_prefetch_kernelILi8EEvP11BenchResultiPKci
    0 bytes stack frame, 0 bytes spill stores, 0 bytes spill loads
ptxas info    : Used 16 registers, used 0 barriers
ptxas info    : Compile time = 4.088 ms
ptxas info    : Compiling entry function '_Z26async_bulk_prefetch_kernelILi4EEvP11BenchResultiPKci' for 'sm_100a'
ptxas info    : Function properties for _Z26async_bulk_prefetch_kernelILi4EEvP11BenchResultiPKci
    0 bytes stack frame, 0 bytes spill stores, 0 bytes spill loads
ptxas info    : Used 16 registers, used 0 barriers
ptxas info    : Compile time = 3.014 ms
ptxas info    : Compiling entry function '_Z26async_bulk_prefetch_kernelILi2EEvP11BenchResultiPKci' for 'sm_100a'
ptxas info    : Function properties for _Z26async_bulk_prefetch_kernelILi2EEvP11BenchResultiPKci
    0 bytes stack frame, 0 bytes spill stores, 0 bytes spill loads
ptxas info    : Used 16 registers, used 0 barriers
ptxas info    : Compile time = 2.510 ms
ptxas info    : Compiling entry function '_Z26async_bulk_prefetch_kernelILi1EEvP11BenchResultiPKci' for 'sm_100a'
ptxas info    : Function properties for _Z26async_bulk_prefetch_kernelILi1EEvP11BenchResultiPKci
    0 bytes stack frame, 0 bytes spill stores, 0 bytes spill loads
ptxas info    : Used 14 registers, used 0 barriers
ptxas info    : Compile time = 2.989 ms
ptxas info    : Compiling entry function '_Z24async_bulk_reduce_kernelILi16EEvP11BenchResultiPfi' for 'sm_100a'
ptxas info    : Function properties for _Z24async_bulk_reduce_kernelILi16EEvP11BenchResultiPfi
    0 bytes stack frame, 0 bytes spill stores, 0 bytes spill loads
ptxas info    : Used 14 registers, used 0 barriers
ptxas info    : Compile time = 8.920 ms
ptxas info    : Compiling entry function '_Z24async_bulk_reduce_kernelILi8EEvP11BenchResultiPfi' for 'sm_100a'
ptxas info    : Function properties for _Z24async_bulk_reduce_kernelILi8EEvP11BenchResultiPfi
    0 bytes stack frame, 0 bytes spill stores, 0 bytes spill loads
ptxas info    : Used 14 registers, used 0 barriers
ptxas info    : Compile time = 5.699 ms
ptxas info    : Compiling entry function '_Z24async_bulk_reduce_kernelILi4EEvP11BenchResultiPfi' for 'sm_100a'
ptxas info    : Function properties for _Z24async_bulk_reduce_kernelILi4EEvP11BenchResultiPfi
    0 bytes stack frame, 0 bytes spill stores, 0 bytes spill loads
ptxas info    : Used 14 registers, used 0 barriers
ptxas info    : Compile time = 3.979 ms
ptxas info    : Compiling entry function '_Z24async_bulk_reduce_kernelILi2EEvP11BenchResultiPfi' for 'sm_100a'
ptxas info    : Function properties for _Z24async_bulk_reduce_kernelILi2EEvP11BenchResultiPfi
    0 bytes stack frame, 0 bytes spill stores, 0 bytes spill loads
ptxas info    : Used 14 registers, used 0 barriers
ptxas info    : Compile time = 3.366 ms
ptxas info    : Compiling entry function '_Z24async_bulk_reduce_kernelILi1EEvP11BenchResultiPfi' for 'sm_100a'
ptxas info    : Function properties for _Z24async_bulk_reduce_kernelILi1EEvP11BenchResultiPfi
    0 bytes stack frame, 0 bytes spill stores, 0 bytes spill loads
ptxas info    : Used 14 registers, used 0 barriers
ptxas info    : Compile time = 2.506 ms
ptxas info    : Compiling entry function '_Z22async_bulk_copy_kernelILi16EEvP11BenchResultiPci' for 'sm_100a'
ptxas info    : Function properties for _Z22async_bulk_copy_kernelILi16EEvP11BenchResultiPci
    0 bytes stack frame, 0 bytes spill stores, 0 bytes spill loads
ptxas info    : Used 14 registers, used 0 barriers
ptxas info    : Compile time = 5.173 ms
ptxas info    : Compiling entry function '_Z22async_bulk_copy_kernelILi8EEvP11BenchResultiPci' for 'sm_100a'
ptxas info    : Function properties for _Z22async_bulk_copy_kernelILi8EEvP11BenchResultiPci
    0 bytes stack frame, 0 bytes spill stores, 0 bytes spill loads
ptxas info    : Used 14 registers, used 0 barriers
ptxas info    : Compile time = 3.835 ms
ptxas info    : Compiling entry function '_Z22async_bulk_copy_kernelILi4EEvP11BenchResultiPci' for 'sm_100a'
ptxas info    : Function properties for _Z22async_bulk_copy_kernelILi4EEvP11BenchResultiPci
    0 bytes stack frame, 0 bytes spill stores, 0 bytes spill loads
ptxas info    : Used 14 registers, used 0 barriers
ptxas info    : Compile time = 3.386 ms
ptxas info    : Compiling entry function '_Z22async_bulk_copy_kernelILi2EEvP11BenchResultiPci' for 'sm_100a'
ptxas info    : Function properties for _Z22async_bulk_copy_kernelILi2EEvP11BenchResultiPci
    0 bytes stack frame, 0 bytes spill stores, 0 bytes spill loads
ptxas info    : Used 14 registers, used 0 barriers
ptxas info    : Compile time = 2.896 ms
ptxas info    : Compiling entry function '_Z22async_bulk_copy_kernelILi1EEvP11BenchResultiPci' for 'sm_100a'
ptxas info    : Function properties for _Z22async_bulk_copy_kernelILi1EEvP11BenchResultiPci
    0 bytes stack frame, 0 bytes spill stores, 0 bytes spill loads
ptxas info    : Used 14 registers, used 0 barriers
ptxas info    : Compile time = 2.618 ms
ptxas info    : Compiling entry function '_Z23async_tma_reduce_kernelILi16EEvP11BenchResulti14CUtensorMap_sti' for 'sm_100a'
ptxas info    : Function properties for _Z23async_tma_reduce_kernelILi16EEvP11BenchResulti14CUtensorMap_sti
    0 bytes stack frame, 0 bytes spill stores, 0 bytes spill loads
ptxas info    : Used 14 registers, used 0 barriers
ptxas info    : Compile time = 11.129 ms
ptxas info    : Compiling entry function '_Z23async_tma_reduce_kernelILi8EEvP11BenchResulti14CUtensorMap_sti' for 'sm_100a'
ptxas info    : Function properties for _Z23async_tma_reduce_kernelILi8EEvP11BenchResulti14CUtensorMap_sti
    0 bytes stack frame, 0 bytes spill stores, 0 bytes spill loads
ptxas info    : Used 14 registers, used 0 barriers
ptxas info    : Compile time = 8.680 ms
ptxas info    : Compiling entry function '_Z23async_tma_reduce_kernelILi4EEvP11BenchResulti14CUtensorMap_sti' for 'sm_100a'
ptxas info    : Function properties for _Z23async_tma_reduce_kernelILi4EEvP11BenchResulti14CUtensorMap_sti
    0 bytes stack frame, 0 bytes spill stores, 0 bytes spill loads
ptxas info    : Used 14 registers, used 0 barriers
ptxas info    : Compile time = 6.581 ms
ptxas info    : Compiling entry function '_Z23async_tma_reduce_kernelILi2EEvP11BenchResulti14CUtensorMap_sti' for 'sm_100a'
ptxas info    : Function properties for _Z23async_tma_reduce_kernelILi2EEvP11BenchResulti14CUtensorMap_sti
    0 bytes stack frame, 0 bytes spill stores, 0 bytes spill loads
ptxas info    : Used 14 registers, used 0 barriers
ptxas info    : Compile time = 9.787 ms
ptxas info    : Compiling entry function '_Z23async_tma_reduce_kernelILi1EEvP11BenchResulti14CUtensorMap_sti' for 'sm_100a'
ptxas info    : Function properties for _Z23async_tma_reduce_kernelILi1EEvP11BenchResulti14CUtensorMap_sti
    0 bytes stack frame, 0 bytes spill stores, 0 bytes spill loads
ptxas info    : Used 14 registers, used 0 barriers
ptxas info    : Compile time = 8.362 ms
ptxas info    : Compiling entry function '_Z31async_tma_store_baseline_kernelILi16EEvP11BenchResulti' for 'sm_100a'
ptxas info    : Function properties for _Z31async_tma_store_baseline_kernelILi16EEvP11BenchResulti
    0 bytes stack frame, 0 bytes spill stores, 0 bytes spill loads
ptxas info    : Used 14 registers, used 0 barriers
ptxas info    : Compile time = 2.836 ms
ptxas info    : Compiling entry function '_Z31async_tma_store_baseline_kernelILi8EEvP11BenchResulti' for 'sm_100a'
ptxas info    : Function properties for _Z31async_tma_store_baseline_kernelILi8EEvP11BenchResulti
    0 bytes stack frame, 0 bytes spill stores, 0 bytes spill loads
ptxas info    : Used 14 registers, used 0 barriers
ptxas info    : Compile time = 2.558 ms
ptxas info    : Compiling entry function '_Z31async_tma_store_baseline_kernelILi4EEvP11BenchResulti' for 'sm_100a'
ptxas info    : Function properties for _Z31async_tma_store_baseline_kernelILi4EEvP11BenchResulti
    0 bytes stack frame, 0 bytes spill stores, 0 bytes spill loads
ptxas info    : Used 14 registers, used 0 barriers
ptxas info    : Compile time = 2.551 ms
ptxas info    : Compiling entry function '_Z31async_tma_store_baseline_kernelILi2EEvP11BenchResulti' for 'sm_100a'
ptxas info    : Function properties for _Z31async_tma_store_baseline_kernelILi2EEvP11BenchResulti
    0 bytes stack frame, 0 bytes spill stores, 0 bytes spill loads
ptxas info    : Used 14 registers, used 0 barriers
ptxas info    : Compile time = 2.933 ms
ptxas info    : Compiling entry function '_Z31async_tma_store_baseline_kernelILi1EEvP11BenchResulti' for 'sm_100a'
ptxas info    : Function properties for _Z31async_tma_store_baseline_kernelILi1EEvP11BenchResulti
    0 bytes stack frame, 0 bytes spill stores, 0 bytes spill loads
ptxas info    : Used 14 registers, used 0 barriers
ptxas info    : Compile time = 2.730 ms
ptxas info    : Compiling entry function '_Z22async_tma_store_kernelILi16EEvP11BenchResulti14CUtensorMap_sti' for 'sm_100a'
ptxas info    : Function properties for _Z22async_tma_store_kernelILi16EEvP11BenchResulti14CUtensorMap_sti
    0 bytes stack frame, 0 bytes spill stores, 0 bytes spill loads
ptxas info    : Used 14 registers, used 0 barriers
ptxas info    : Compile time = 7.767 ms
ptxas info    : Compiling entry function '_Z22async_tma_store_kernelILi8EEvP11BenchResulti14CUtensorMap_sti' for 'sm_100a'
ptxas info    : Function properties for _Z22async_tma_store_kernelILi8EEvP11BenchResulti14CUtensorMap_sti
    0 bytes stack frame, 0 bytes spill stores, 0 bytes spill loads
ptxas info    : Used 14 registers, used 0 barriers
ptxas info    : Compile time = 5.787 ms
ptxas info    : Compiling entry function '_Z22async_tma_store_kernelILi4EEvP11BenchResulti14CUtensorMap_sti' for 'sm_100a'
ptxas info    : Function properties for _Z22async_tma_store_kernelILi4EEvP11BenchResulti14CUtensorMap_sti
    0 bytes stack frame, 0 bytes spill stores, 0 bytes spill loads
ptxas info    : Used 14 registers, used 0 barriers
ptxas info    : Compile time = 4.890 ms
ptxas info    : Compiling entry function '_Z22async_tma_store_kernelILi2EEvP11BenchResulti14CUtensorMap_sti' for 'sm_100a'
ptxas info    : Function properties for _Z22async_tma_store_kernelILi2EEvP11BenchResulti14CUtensorMap_sti
    0 bytes stack frame, 0 bytes spill stores, 0 bytes spill loads
ptxas info    : Used 14 registers, used 0 barriers
ptxas info    : Compile time = 7.995 ms
ptxas info    : Compiling entry function '_Z22async_tma_store_kernelILi1EEvP11BenchResulti14CUtensorMap_sti' for 'sm_100a'
ptxas info    : Function properties for _Z22async_tma_store_kernelILi1EEvP11BenchResulti14CUtensorMap_sti
    0 bytes stack frame, 0 bytes spill stores, 0 bytes spill loads
ptxas info    : Used 14 registers, used 0 barriers
ptxas info    : Compile time = 6.699 ms
ptxas info    : Compiling entry function '_Z18async_dummy_kernelILi16EEvP11BenchResulti' for 'sm_100a'
ptxas info    : Function properties for _Z18async_dummy_kernelILi16EEvP11BenchResulti
    0 bytes stack frame, 0 bytes spill stores, 0 bytes spill loads
ptxas info    : Used 16 registers, used 0 barriers
ptxas info    : Compile time = 1.258 ms
ptxas info    : Compiling entry function '_Z18async_dummy_kernelILi8EEvP11BenchResulti' for 'sm_100a'
ptxas info    : Function properties for _Z18async_dummy_kernelILi8EEvP11BenchResulti
    0 bytes stack frame, 0 bytes spill stores, 0 bytes spill loads
ptxas info    : Used 16 registers, used 0 barriers
ptxas info    : Compile time = 1.243 ms
ptxas info    : Compiling entry function '_Z18async_dummy_kernelILi4EEvP11BenchResulti' for 'sm_100a'
ptxas info    : Function properties for _Z18async_dummy_kernelILi4EEvP11BenchResulti
    0 bytes stack frame, 0 bytes spill stores, 0 bytes spill loads
ptxas info    : Used 16 registers, used 0 barriers
ptxas info    : Compile time = 1.251 ms
ptxas info    : Compiling entry function '_Z18async_dummy_kernelILi2EEvP11BenchResulti' for 'sm_100a'
ptxas info    : Function properties for _Z18async_dummy_kernelILi2EEvP11BenchResulti
    0 bytes stack frame, 0 bytes spill stores, 0 bytes spill loads
ptxas info    : Used 16 registers, used 0 barriers
ptxas info    : Compile time = 1.248 ms
ptxas info    : Compiling entry function '_Z18async_dummy_kernelILi1EEvP11BenchResulti' for 'sm_100a'
ptxas info    : Function properties for _Z18async_dummy_kernelILi1EEvP11BenchResulti
    0 bytes stack frame, 0 bytes spill stores, 0 bytes spill loads
ptxas info    : Used 16 registers, used 0 barriers
ptxas info    : Compile time = 1.244 ms
ptxas info    : Compiling entry function '_Z25async_tma_prefetch_kernelILi16EEvP11BenchResulti14CUtensorMap_stPKil' for 'sm_100a'
ptxas info    : Function properties for _Z25async_tma_prefetch_kernelILi16EEvP11BenchResulti14CUtensorMap_stPKil
    0 bytes stack frame, 0 bytes spill stores, 0 bytes spill loads
ptxas info    : Used 18 registers, used 0 barriers
ptxas info    : Compile time = 10.428 ms
ptxas info    : Compiling entry function '_Z25async_tma_prefetch_kernelILi8EEvP11BenchResulti14CUtensorMap_stPKil' for 'sm_100a'
ptxas info    : Function properties for _Z25async_tma_prefetch_kernelILi8EEvP11BenchResulti14CUtensorMap_stPKil
    0 bytes stack frame, 0 bytes spill stores, 0 bytes spill loads
ptxas info    : Used 18 registers, used 0 barriers
ptxas info    : Compile time = 11.606 ms
ptxas info    : Compiling entry function '_Z25async_tma_prefetch_kernelILi4EEvP11BenchResulti14CUtensorMap_stPKil' for 'sm_100a'
ptxas info    : Function properties for _Z25async_tma_prefetch_kernelILi4EEvP11BenchResulti14CUtensorMap_stPKil
    0 bytes stack frame, 0 bytes spill stores, 0 bytes spill loads
ptxas info    : Used 20 registers, used 0 barriers
ptxas info    : Compile time = 13.221 ms
ptxas info    : Compiling entry function '_Z25async_tma_prefetch_kernelILi2EEvP11BenchResulti14CUtensorMap_stPKil' for 'sm_100a'
ptxas info    : Function properties for _Z25async_tma_prefetch_kernelILi2EEvP11BenchResulti14CUtensorMap_stPKil
    0 bytes stack frame, 0 bytes spill stores, 0 bytes spill loads
ptxas info    : Used 18 registers, used 0 barriers
ptxas info    : Compile time = 9.449 ms
ptxas info    : Compiling entry function '_Z25async_tma_prefetch_kernelILi1EEvP11BenchResulti14CUtensorMap_stPKil' for 'sm_100a'
ptxas info    : Function properties for _Z25async_tma_prefetch_kernelILi1EEvP11BenchResulti14CUtensorMap_stPKil
    0 bytes stack frame, 0 bytes spill stores, 0 bytes spill loads
ptxas info    : Used 16 registers, used 0 barriers
ptxas info    : Compile time = 7.720 ms
ptxas info    : Compiling entry function '_Z30async_tma_load_baseline_kernelILi16EEvP11BenchResulti' for 'sm_100a'
ptxas info    : Function properties for _Z30async_tma_load_baseline_kernelILi16EEvP11BenchResulti
    0 bytes stack frame, 0 bytes spill stores, 0 bytes spill loads
ptxas info    : Used 16 registers, used 0 barriers, 16 bytes smem
ptxas info    : Compile time = 3.412 ms
ptxas info    : Compiling entry function '_Z30async_tma_load_baseline_kernelILi8EEvP11BenchResulti' for 'sm_100a'
ptxas info    : Function properties for _Z30async_tma_load_baseline_kernelILi8EEvP11BenchResulti
    0 bytes stack frame, 0 bytes spill stores, 0 bytes spill loads
ptxas info    : Used 16 registers, used 0 barriers, 16 bytes smem
ptxas info    : Compile time = 2.993 ms
ptxas info    : Compiling entry function '_Z30async_tma_load_baseline_kernelILi4EEvP11BenchResulti' for 'sm_100a'
ptxas info    : Function properties for _Z30async_tma_load_baseline_kernelILi4EEvP11BenchResulti
    0 bytes stack frame, 0 bytes spill stores, 0 bytes spill loads
ptxas info    : Used 16 registers, used 0 barriers, 16 bytes smem
ptxas info    : Compile time = 2.981 ms
ptxas info    : Compiling entry function '_Z30async_tma_load_baseline_kernelILi2EEvP11BenchResulti' for 'sm_100a'
ptxas info    : Function properties for _Z30async_tma_load_baseline_kernelILi2EEvP11BenchResulti
    0 bytes stack frame, 0 bytes spill stores, 0 bytes spill loads
ptxas info    : Used 16 registers, used 0 barriers, 16 bytes smem
ptxas info    : Compile time = 2.995 ms
ptxas info    : Compiling entry function '_Z30async_tma_load_baseline_kernelILi1EEvP11BenchResulti' for 'sm_100a'
ptxas info    : Function properties for _Z30async_tma_load_baseline_kernelILi1EEvP11BenchResulti
    0 bytes stack frame, 0 bytes spill stores, 0 bytes spill loads
ptxas info    : Used 16 registers, used 0 barriers, 16 bytes smem
ptxas info    : Compile time = 2.990 ms
ptxas info    : Compiling entry function '_Z21async_tma_load_kernelILi16EEvP11BenchResulti14CUtensorMap_stPKiil' for 'sm_100a'
ptxas info    : Function properties for _Z21async_tma_load_kernelILi16EEvP11BenchResulti14CUtensorMap_stPKiil
    0 bytes stack frame, 0 bytes spill stores, 0 bytes spill loads
ptxas info    : Used 23 registers, used 0 barriers
ptxas info    : Compile time = 7.471 ms
ptxas info    : Compiling entry function '_Z21async_tma_load_kernelILi8EEvP11BenchResulti14CUtensorMap_stPKiil' for 'sm_100a'
ptxas info    : Function properties for _Z21async_tma_load_kernelILi8EEvP11BenchResulti14CUtensorMap_stPKiil
    0 bytes stack frame, 0 bytes spill stores, 0 bytes spill loads
ptxas info    : Used 22 registers, used 0 barriers
ptxas info    : Compile time = 15.212 ms
ptxas info    : Compiling entry function '_Z21async_tma_load_kernelILi4EEvP11BenchResulti14CUtensorMap_stPKiil' for 'sm_100a'
ptxas info    : Function properties for _Z21async_tma_load_kernelILi4EEvP11BenchResulti14CUtensorMap_stPKiil
    0 bytes stack frame, 0 bytes spill stores, 0 bytes spill loads
ptxas info    : Used 18 registers, used 0 barriers
ptxas info    : Compile time = 15.704 ms
ptxas info    : Compiling entry function '_Z21async_tma_load_kernelILi2EEvP11BenchResulti14CUtensorMap_stPKiil' for 'sm_100a'
ptxas info    : Function properties for _Z21async_tma_load_kernelILi2EEvP11BenchResulti14CUtensorMap_stPKiil
    0 bytes stack frame, 0 bytes spill stores, 0 bytes spill loads
ptxas info    : Used 18 registers, used 0 barriers
ptxas info    : Compile time = 12.198 ms
ptxas info    : Compiling entry function '_Z21async_tma_load_kernelILi1EEvP11BenchResulti14CUtensorMap_stPKiil' for 'sm_100a'
ptxas info    : Function properties for _Z21async_tma_load_kernelILi1EEvP11BenchResulti14CUtensorMap_stPKiil
    0 bytes stack frame, 0 bytes spill stores, 0 bytes spill loads
ptxas info    : Used 20 registers, used 0 barriers
ptxas info    : Compile time = 14.087 ms
ptxas info    : Compiling entry function '_Z24sync_sts_baseline_kernelP11BenchResulti' for 'sm_100a'
ptxas info    : Function properties for _Z24sync_sts_baseline_kernelP11BenchResulti
    0 bytes stack frame, 0 bytes spill stores, 0 bytes spill loads
ptxas info    : Used 30 registers, used 1 barriers, 128 bytes smem
ptxas info    : Compile time = 3.122 ms
ptxas info    : Compiling entry function '_Z21sync_sts_proxy_kernelP11BenchResulti' for 'sm_100a'
ptxas info    : Function properties for _Z21sync_sts_proxy_kernelP11BenchResulti
    0 bytes stack frame, 0 bytes spill stores, 0 bytes spill loads
ptxas info    : Used 30 registers, used 1 barriers, 128 bytes smem
ptxas info    : Compile time = 3.206 ms
ptxas info    : Compiling entry function '_Z15sync_lds_kernelP11BenchResulti' for 'sm_100a'
ptxas info    : Function properties for _Z15sync_lds_kernelP11BenchResulti
    0 bytes stack frame, 0 bytes spill stores, 0 bytes spill loads
ptxas info    : Used 30 registers, used 1 barriers, 128 bytes smem
ptxas info    : Compile time = 3.138 ms
ptxas info    : Compiling entry function '_Z24sync_s2r_baseline_kernelP11BenchResulti' for 'sm_100a'
ptxas info    : Function properties for _Z24sync_s2r_baseline_kernelP11BenchResulti
    0 bytes stack frame, 0 bytes spill stores, 0 bytes spill loads
ptxas info    : Used 16 registers, used 0 barriers
ptxas info    : Compile time = 2.468 ms
ptxas info    : Function properties for _Z26read_s2r_selected_baselinej
    0 bytes stack frame, 0 bytes spill stores, 0 bytes spill loads
ptxas info    : Compiling entry function '_Z15sync_s2r_kernelP11BenchResulti' for 'sm_100a'
ptxas info    : Function properties for _Z15sync_s2r_kernelP11BenchResulti
    0 bytes stack frame, 0 bytes spill stores, 0 bytes spill loads
ptxas info    : Used 16 registers, used 0 barriers
ptxas info    : Compile time = 2.510 ms
ptxas info    : Function properties for _Z17read_s2r_selectedj
    0 bytes stack frame, 0 bytes spill stores, 0 bytes spill loads
ptxas info    : Compiling entry function '_Z16sync_shfl_kernelP11BenchResulti' for 'sm_100a'
ptxas info    : Function properties for _Z16sync_shfl_kernelP11BenchResulti
    0 bytes stack frame, 0 bytes spill stores, 0 bytes spill loads
ptxas info    : Used 24 registers, used 0 barriers
ptxas info    : Compile time = 3.533 ms
ptxas info    : Compiling entry function '_Z15sync_mov_kernelP11BenchResulti' for 'sm_100a'
ptxas info    : Function properties for _Z15sync_mov_kernelP11BenchResulti
    0 bytes stack frame, 0 bytes spill stores, 0 bytes spill loads
ptxas info    : Used 16 registers, used 0 barriers
ptxas info    : Compile time = 1.273 ms
ptxas info    : Compiling entry function '_Z16sync_lop3_kernelP11BenchResulti' for 'sm_100a'
ptxas info    : Function properties for _Z16sync_lop3_kernelP11BenchResulti
    0 bytes stack frame, 0 bytes spill stores, 0 bytes spill loads
ptxas info    : Used 16 registers, used 0 barriers
ptxas info    : Compile time = 2.787 ms
ptxas info    : Compiling entry function '_Z17sync_iadd3_kernelP11BenchResulti' for 'sm_100a'
ptxas info    : Function properties for _Z17sync_iadd3_kernelP11BenchResulti
    0 bytes stack frame, 0 bytes spill stores, 0 bytes spill loads
ptxas info    : Used 16 registers, used 0 barriers
ptxas info    : Compile time = 2.318 ms
ptxas info    : Compiling entry function '_Z16sync_imad_kernelP11BenchResulti' for 'sm_100a'
ptxas info    : Function properties for _Z16sync_imad_kernelP11BenchResulti
    0 bytes stack frame, 0 bytes spill stores, 0 bytes spill loads
ptxas info    : Used 16 registers, used 0 barriers
ptxas info    : Compile time = 2.723 ms
ptxas info    : Compiling entry function '_Z16sync_mufu_kernelP11BenchResulti' for 'sm_100a'
ptxas info    : Function properties for _Z16sync_mufu_kernelP11BenchResulti
    0 bytes stack frame, 0 bytes spill stores, 0 bytes spill loads
ptxas info    : Used 16 registers, used 0 barriers
ptxas info    : Compile time = 2.571 ms
ptxas info    : Compiling entry function '_Z17sync_hfma2_kernelP11BenchResulti' for 'sm_100a'
ptxas info    : Function properties for _Z17sync_hfma2_kernelP11BenchResulti
    0 bytes stack frame, 0 bytes spill stores, 0 bytes spill loads
ptxas info    : Used 16 registers, used 0 barriers
ptxas info    : Compile time = 3.643 ms
ptxas info    : Compiling entry function '_Z16sync_fmul_kernelP11BenchResulti' for 'sm_100a'
ptxas info    : Function properties for _Z16sync_fmul_kernelP11BenchResulti
    0 bytes stack frame, 0 bytes spill stores, 0 bytes spill loads
ptxas info    : Used 16 registers, used 0 barriers
ptxas info    : Compile time = 2.961 ms
ptxas info    : Compiling entry function '_Z16sync_fadd_kernelP11BenchResulti' for 'sm_100a'
ptxas info    : Function properties for _Z16sync_fadd_kernelP11BenchResulti
    0 bytes stack frame, 0 bytes spill stores, 0 bytes spill loads
ptxas info    : Used 16 registers, used 0 barriers
ptxas info    : Compile time = 2.971 ms
ptxas info    : Compiling entry function '_Z16sync_ffma_kernelP11BenchResulti' for 'sm_100a'
ptxas info    : Function properties for _Z16sync_ffma_kernelP11BenchResulti
    0 bytes stack frame, 0 bytes spill stores, 0 bytes spill loads
ptxas info    : Used 16 registers, used 0 barriers
ptxas info    : Compile time = 2.909 ms
ptxas info    : Compiling entry function '_Z25sync_warp_baseline_kernelP11BenchResulti' for 'sm_100a'
ptxas info    : Function properties for _Z25sync_warp_baseline_kernelP11BenchResulti
    0 bytes stack frame, 0 bytes spill stores, 0 bytes spill loads
ptxas info    : Used 16 registers, used 0 barriers
ptxas info    : Compile time = 1.410 ms
ptxas info    : Compiling entry function '_Z27sync_scalar_baseline_kernelP11BenchResulti' for 'sm_100a'
ptxas info    : Function properties for _Z27sync_scalar_baseline_kernelP11BenchResulti
    0 bytes stack frame, 0 bytes spill stores, 0 bytes spill loads
ptxas info    : Used 16 registers, used 0 barriers
ptxas info    : Compile time = 1.242 ms
ptxas info    : Compiling entry function '_Z12power_kernelPdi' for 'sm_100a'
ptxas info    : Function properties for _Z12power_kernelPdi
    0 bytes stack frame, 0 bytes spill stores, 0 bytes spill loads
ptxas info    : Used 10 registers, used 0 barriers
ptxas info    : Compile time = 1.461 ms
/root/bench/tensor_map_utils.cuh: In function ‘CUresult (* get_cuTensorMapEncodeTiled())(CUtensorMap*, CUtensorMapDataType, cuuint32_t, void*, const cuuint64_t*, const cuuint64_t*, const cuuint32_t*, const cuuint32_t*, CUtensorMapInterleave, CUtensorMapSwizzle, CUtensorMapL2promotion, CUtensorMapFloatOOBfill)’:
/root/bench/tensor_map_utils.cuh:34:40: warning: ‘cudaError_t cudaGetDriverEntryPoint(const char*, void**, long long unsigned int, cudaDriverEntryPointQueryResult*)’ is deprecated [-Wdeprecated-declarations]
   34 |     CUDA_CHECK(cudaGetDriverEntryPoint(
      |                 ~~~~~~~~~~~~~~~~~~~~~~~^                                                              
/usr/local/cuda/bin/../targets/x86_64-linux/include/cuda_runtime_api.h:13101:46: note: declared here
13101 | extern __CUDA_DEPRECATED __host__ cudaError_t CUDARTAPI cudaGetDriverEntryPoint(const char *symbol, void **funcPtr, unsigned long long flags, enum cudaDriverEntryPointQueryResult *driverStatus = NULL);
      |                                              ^~~~~~~~~~~~~~~~~~~~~~~


--- runtime log ---
[measure] sync_ffma (sync)
  run 1/9: 887713 cycles 451776.0 ns
  run 2/9: 888091 cycles 451968.0 ns
  run 3/9: 888040 cycles 451968.0 ns
  run 4/9: 888046 cycles 452096.0 ns
  run 5/9: 887712 cycles 452000.0 ns
  run 6/9: 887712 cycles 452000.0 ns
  run 7/9: 887712 cycles 452032.0 ns
  run 8/9: 887711 cycles 452096.0 ns
  run 9/9: 888060 cycles 452256.0 ns
  run 1/9: 3 cycles 0.0 ns
  run 2/9: 3 cycles 0.0 ns
  run 3/9: 3 cycles 0.0 ns
  run 4/9: 3 cycles 0.0 ns
  run 5/9: 3 cycles 0.0 ns
  run 6/9: 3 cycles 0.0 ns
  run 7/9: 3 cycles 0.0 ns
  run 8/9: 3 cycles 32.0 ns
  run 9/9: 3 cycles 0.0 ns
[measure] sync_fadd (sync)
  run 1/9: 887972 cycles 452000.0 ns
  run 2/9: 888053 cycles 452000.0 ns
  run 3/9: 887711 cycles 451840.0 ns
  run 4/9: 887711 cycles 451808.0 ns
  run 5/9: 887711 cycles 451776.0 ns
  run 6/9: 887710 cycles 451840.0 ns
  run 7/9: 888067 cycles 452000.0 ns
  run 8/9: 888097 cycles 452000.0 ns
  run 9/9: 888049 cycles 451968.0 ns
  run 1/9: 3 cycles 32.0 ns
  run 2/9: 3 cycles 0.0 ns
  run 3/9: 3 cycles 0.0 ns
  run 4/9: 3 cycles 0.0 ns
  run 5/9: 3 cycles 0.0 ns
  run 6/9: 3 cycles 0.0 ns
  run 7/9: 3 cycles 0.0 ns
  run 8/9: 3 cycles 0.0 ns
  run 9/9: 3 cycles 0.0 ns
[measure] sync_fmul (sync)
  run 1/9: 887712 cycles 451776.0 ns
  run 2/9: 887711 cycles 451744.0 ns
  run 3/9: 887711 cycles 451776.0 ns
  run 4/9: 887711 cycles 451776.0 ns
  run 5/9: 888066 cycles 451936.0 ns
  run 6/9: 888095 cycles 451968.0 ns
  run 7/9: 888049 cycles 451936.0 ns
  run 8/9: 888059 cycles 451968.0 ns
  run 9/9: 887711 cycles 451808.0 ns
  run 1/9: 3 cycles 0.0 ns
  run 2/9: 3 cycles 32.0 ns
  run 3/9: 3 cycles 0.0 ns
  run 4/9: 3 cycles 0.0 ns
  run 5/9: 3 cycles 0.0 ns
  run 6/9: 3 cycles 0.0 ns
  run 7/9: 3 cycles 0.0 ns
  run 8/9: 3 cycles 0.0 ns
  run 9/9: 3 cycles 0.0 ns
[measure] sync_hfma2 (sync)
  run 1/9: 887720 cycles 451776.0 ns
  run 2/9: 887717 cycles 451808.0 ns
  run 3/9: 888058 cycles 451968.0 ns
  run 4/9: 888091 cycles 451968.0 ns
  run 5/9: 888054 cycles 451936.0 ns
  run 6/9: 888055 cycles 451968.0 ns
  run 7/9: 887712 cycles 451808.0 ns
  run 8/9: 887712 cycles 451744.0 ns
  run 9/9: 887712 cycles 451776.0 ns
  run 1/9: 3 cycles 32.0 ns
  run 2/9: 3 cycles 0.0 ns
  run 3/9: 3 cycles 0.0 ns
  run 4/9: 3 cycles 0.0 ns
  run 5/9: 3 cycles 0.0 ns
  run 6/9: 3 cycles 0.0 ns
  run 7/9: 3 cycles 0.0 ns
  run 8/9: 3 cycles 32.0 ns
  run 9/9: 3 cycles 0.0 ns
[measure] sync_mufu (sync)
  run 1/9: 3400492 cycles 1730592.0 ns
  run 2/9: 3400577 cycles 1730624.0 ns
  run 3/9: 3400532 cycles 1730560.0 ns
  run 4/9: 3400545 cycles 1730592.0 ns
  run 5/9: 3400204 cycles 1730400.0 ns
  run 6/9: 3400204 cycles 1730400.0 ns
  run 7/9: 3400204 cycles 1730528.0 ns
  run 8/9: 3400203 cycles 1730464.0 ns
  run 9/9: 3400560 cycles 1730624.0 ns
  run 1/9: 3 cycles 0.0 ns
  run 2/9: 3 cycles 0.0 ns
  run 3/9: 3 cycles 32.0 ns
  run 4/9: 3 cycles 0.0 ns
  run 5/9: 3 cycles 0.0 ns
  run 6/9: 3 cycles 0.0 ns
  run 7/9: 3 cycles 0.0 ns
  run 8/9: 3 cycles 0.0 ns
  run 9/9: 3 cycles 0.0 ns
[measure] sync_imad (sync)
  run 1/9: 887712 cycles 451776.0 ns
  run 2/9: 888052 cycles 451968.0 ns
  run 3/9: 887712 cycles 451808.0 ns
  run 4/9: 887712 cycles 451808.0 ns
  run 5/9: 887712 cycles 451808.0 ns
  run 6/9: 887711 cycles 451776.0 ns
  run 7/9: 888073 cycles 451968.0 ns
  run 8/9: 888091 cycles 451968.0 ns
  run 9/9: 888056 cycles 451968.0 ns
  run 1/9: 3 cycles 0.0 ns
  run 2/9: 3 cycles 0.0 ns
  run 3/9: 3 cycles 32.0 ns
  run 4/9: 3 cycles 0.0 ns
  run 5/9: 3 cycles 0.0 ns
  run 6/9: 3 cycles 0.0 ns
  run 7/9: 3 cycles 0.0 ns
  run 8/9: 3 cycles 0.0 ns
  run 9/9: 3 cycles 0.0 ns
[measure] sync_iadd3 (sync)
  run 1/9: 350228 cycles 178240.0 ns
  run 2/9: 350227 cycles 178240.0 ns
  run 3/9: 350227 cycles 178240.0 ns
  run 4/9: 350227 cycles 178208.0 ns
  run 5/9: 350579 cycles 178400.0 ns
  run 6/9: 350610 cycles 178464.0 ns
  run 7/9: 350563 cycles 178368.0 ns
  run 8/9: 350561 cycles 178400.0 ns
  run 9/9: 350227 cycles 178208.0 ns
  run 1/9: 3 cycles 0.0 ns
  run 2/9: 3 cycles 0.0 ns
  run 3/9: 3 cycles 0.0 ns
  run 4/9: 3 cycles 0.0 ns
  run 5/9: 3 cycles 32.0 ns
  run 6/9: 3 cycles 0.0 ns
  run 7/9: 3 cycles 0.0 ns
  run 8/9: 3 cycles 0.0 ns
  run 9/9: 3 cycles 32.0 ns
[measure] sync_lop3 (sync)
  run 1/9: 887712 cycles 451776.0 ns
  run 2/9: 887712 cycles 451776.0 ns
  run 3/9: 888055 cycles 451968.0 ns
  run 4/9: 888083 cycles 451968.0 ns
  run 5/9: 888051 cycles 451968.0 ns
  run 6/9: 888055 cycles 452000.0 ns
  run 7/9: 887712 cycles 451712.0 ns
  run 8/9: 887712 cycles 451808.0 ns
  run 9/9: 887712 cycles 451776.0 ns
  run 1/9: 3 cycles 32.0 ns
  run 2/9: 3 cycles 0.0 ns
  run 3/9: 3 cycles 0.0 ns
  run 4/9: 3 cycles 0.0 ns
  run 5/9: 3 cycles 0.0 ns
  run 6/9: 3 cycles 0.0 ns
  run 7/9: 3 cycles 0.0 ns
  run 8/9: 3 cycles 32.0 ns
  run 9/9: 3 cycles 0.0 ns
[measure] sync_mov (sync)
  run 1/9: 6 cycles 0.0 ns
  run 2/9: 6 cycles 32.0 ns
  run 3/9: 6 cycles 0.0 ns
  run 4/9: 6 cycles 0.0 ns
  run 5/9: 6 cycles 0.0 ns
  run 6/9: 6 cycles 0.0 ns
  run 7/9: 6 cycles 0.0 ns
  run 8/9: 6 cycles 0.0 ns
  run 9/9: 6 cycles 0.0 ns
  run 1/9: 3 cycles 0.0 ns
  run 2/9: 3 cycles 0.0 ns
  run 3/9: 3 cycles 0.0 ns
  run 4/9: 3 cycles 0.0 ns
  run 5/9: 3 cycles 0.0 ns
  run 6/9: 3 cycles 0.0 ns
  run 7/9: 3 cycles 0.0 ns
  run 8/9: 3 cycles 0.0 ns
  run 9/9: 3 cycles 0.0 ns
[measure] sync_shfl (sync)
  run 1/9: 5200213 cycles 2646528.0 ns
  run 2/9: 5200557 cycles 2646720.0 ns
  run 3/9: 5200214 cycles 2646528.0 ns
  run 4/9: 5200214 cycles 2646496.0 ns
  run 5/9: 5200214 cycles 2646496.0 ns
  run 6/9: 5200214 cycles 2646496.0 ns
  run 7/9: 5200578 cycles 2646720.0 ns
  run 8/9: 5200609 cycles 2646784.0 ns
  run 9/9: 5200560 cycles 2646656.0 ns
  run 1/9: 34 cycles 32.0 ns
  run 2/9: 34 cycles 32.0 ns
  run 3/9: 34 cycles 32.0 ns
  run 4/9: 34 cycles 32.0 ns
  run 5/9: 34 cycles 0.0 ns
  run 6/9: 34 cycles 0.0 ns
  run 7/9: 34 cycles 32.0 ns
  run 8/9: 34 cycles 32.0 ns
  run 9/9: 34 cycles 32.0 ns
[measure] sync_s2r (sync)
  run 1/9: 20400156 cycles 10382112.0 ns
  run 2/9: 20400157 cycles 10382208.0 ns
  run 3/9: 20400157 cycles 10382144.0 ns
  run 4/9: 20400156 cycles 10382144.0 ns
  run 5/9: 20400507 cycles 10382176.0 ns
  run 6/9: 20400533 cycles 10382240.0 ns
  run 7/9: 20400500 cycles 10382304.0 ns
  run 8/9: 20400498 cycles 10382496.0 ns
  run 9/9: 20400154 cycles 10382176.0 ns
  run 1/9: 16600165 cycles 8448160.0 ns
  run 2/9: 16600166 cycles 8448192.0 ns
  run 3/9: 16600165 cycles 8448224.0 ns
  run 4/9: 16600519 cycles 8448576.0 ns
  run 5/9: 16600534 cycles 8448320.0 ns
  run 6/9: 16600495 cycles 8448448.0 ns
  run 7/9: 16600498 cycles 8448512.0 ns
  run 8/9: 16600154 cycles 8448480.0 ns
  run 9/9: 16600154 cycles 8448320.0 ns
[measure] sync_lds (sync)
  run 1/9: 8200094 cycles 4173344.0 ns
  run 2/9: 8200094 cycles 4173408.0 ns
  run 3/9: 8200306 cycles 4173472.0 ns
  run 4/9: 8200337 cycles 4173408.0 ns
  run 5/9: 8200305 cycles 4173504.0 ns
  run 6/9: 8200317 cycles 4173568.0 ns
  run 7/9: 8200094 cycles 4173248.0 ns
  run 8/9: 8200094 cycles 4173312.0 ns
  run 9/9: 8200094 cycles 4173472.0 ns
  run 1/9: 3 cycles 0.0 ns
  run 2/9: 3 cycles 0.0 ns
  run 3/9: 3 cycles 0.0 ns
  run 4/9: 3 cycles 0.0 ns
  run 5/9: 3 cycles 0.0 ns
  run 6/9: 3 cycles 0.0 ns
  run 7/9: 3 cycles 0.0 ns
  run 8/9: 3 cycles 32.0 ns
  run 9/9: 3 cycles 0.0 ns
[measure] sync_sts (sync)
  run 1/9: 12000197 cycles 6107488.0 ns
  run 2/9: 12000338 cycles 6107392.0 ns
  run 3/9: 12000292 cycles 6107488.0 ns
  run 4/9: 12000295 cycles 6107328.0 ns
  run 5/9: 12000093 cycles 6107392.0 ns
  run 6/9: 12000093 cycles 6107296.0 ns
  run 7/9: 12000093 cycles 6107392.0 ns
  run 8/9: 12000093 cycles 6107264.0 ns
  run 9/9: 12000322 cycles 6107552.0 ns
  run 1/9: 10000259 cycles 5089344.0 ns
  run 2/9: 10000300 cycles 5089472.0 ns
  run 3/9: 10000302 cycles 5089600.0 ns
  run 4/9: 10000094 cycles 5089632.0 ns
  run 5/9: 10000094 cycles 5089568.0 ns
  run 6/9: 10000094 cycles 5089568.0 ns
  run 7/9: 10000094 cycles 5089408.0 ns
  run 8/9: 10000322 cycles 5089504.0 ns
  run 9/9: 10000341 cycles 5089568.0 ns


--- error ---


--- sass error ---

